[     226ms] [ERROR] Failed to load resource: the server responded with a status of 404 (Not Found) @ http://localhost:3000/login?redirect_url=http%3A%2F%2Flocalhost%3A3000%2F:0
[     448ms] [ERROR] Failed to load resource: the server responded with a status of 404 (Not Found) @ http://localhost:3000/login?redirect_url=http%3A%2F%2Flocalhost%3A3000%2F:0
[    1671ms] [ERROR] Failed to load resource: the server responded with a status of 404 (Not Found) @ http://localhost:3000/login?redirect_url=http%3A%2F%2Flocalhost%3A3000%2F:0
[    2891ms] [ERROR] Failed to load resource: the server responded with a status of 404 (Not Found) @ http://localhost:3000/login?redirect_url=http%3A%2F%2Flocalhost%3A3000%2F:0
[    4112ms] [ERROR] Failed to load resource: the server responded with a status of 404 (Not Found) @ http://localhost:3000/login?redirect_url=http%3A%2F%2Flocalhost%3A3000%2F:0
[    5327ms] [ERROR] Failed to load resource: the server responded with a status of 404 (Not Found) @ http://localhost:3000/login?redirect_url=http%3A%2F%2Flocalhost%3A3000%2F:0
[    6550ms] [ERROR] Failed to load resource: the server responded with a status of 404 (Not Found) @ http://localhost:3000/login?redirect_url=http%3A%2F%2Flocalhost%3A3000%2F:0
[    7781ms] [ERROR] Failed to load resource: the server responded with a status of 404 (Not Found) @ http://localhost:3000/login?redirect_url=http%3A%2F%2Flocalhost%3A3000%2F:0
[    9000ms] [ERROR] Failed to load resource: the server responded with a status of 404 (Not Found) @ http://localhost:3000/login?redirect_url=http%3A%2F%2Flocalhost%3A3000%2F:0
[   10224ms] [ERROR] Failed to load resource: the server responded with a status of 404 (Not Found) @ http://localhost:3000/login?redirect_url=http%3A%2F%2Flocalhost%3A3000%2F:0
[   11445ms] [ERROR] Failed to load resource: the server responded with a status of 404 (Not Found) @ http://localhost:3000/login?redirect_url=http%3A%2F%2Flocalhost%3A3000%2F:0
[   12656ms] [ERROR] Failed to load resource: the server responded with a status of 404 (Not Found) @ http://localhost:3000/login?redirect_url=http%3A%2F%2Flocalhost%3A3000%2F:0
[   13871ms] [ERROR] Failed to load resource: the server responded with a status of 404 (Not Found) @ http://localhost:3000/login?redirect_url=http%3A%2F%2Flocalhost%3A3000%2F:0
[   15099ms] [ERROR] Failed to load resource: the server responded with a status of 404 (Not Found) @ http://localhost:3000/login?redirect_url=http%3A%2F%2Flocalhost%3A3000%2F:0
[   16335ms] [ERROR] Failed to load resource: the server responded with a status of 404 (Not Found) @ http://localhost:3000/login?redirect_url=http%3A%2F%2Flocalhost%3A3000%2F:0
[   17549ms] [ERROR] Failed to load resource: the server responded with a status of 404 (Not Found) @ http://localhost:3000/login?redirect_url=http%3A%2F%2Flocalhost%3A3000%2F:0
[   18762ms] [ERROR] Failed to load resource: the server responded with a status of 404 (Not Found) @ http://localhost:3000/login?redirect_url=http%3A%2F%2Flocalhost%3A3000%2F:0
[   19975ms] [ERROR] Failed to load resource: the server responded with a status of 404 (Not Found) @ http://localhost:3000/login?redirect_url=http%3A%2F%2Flocalhost%3A3000%2F:0
[   19837ms] [ERROR] Failed to load resource: the server responded with a status of 404 (Not Found) @ http://localhost:3000/login?redirect_url=http%3A%2F%2Flocalhost%3A3000%2F:0
[   21064ms] [ERROR] Failed to load resource: the server responded with a status of 404 (Not Found) @ http://localhost:3000/login?redirect_url=http%3A%2F%2Flocalhost%3A3000%2F:0
[   22291ms] [ERROR] Failed to load resource: the server responded with a status of 404 (Not Found) @ http://localhost:3000/login?redirect_url=http%3A%2F%2Flocalhost%3A3000%2F:0
[   23527ms] [ERROR] Failed to load resource: the server responded with a status of 404 (Not Found) @ http://localhost:3000/login?redirect_url=http%3A%2F%2Flocalhost%3A3000%2F:0
[   24768ms] [ERROR] Failed to load resource: the server responded with a status of 404 (Not Found) @ http://localhost:3000/login?redirect_url=http%3A%2F%2Flocalhost%3A3000%2F:0
[   26001ms] [ERROR] Failed to load resource: the server responded with a status of 404 (Not Found) @ http://localhost:3000/login?redirect_url=http%3A%2F%2Flocalhost%3A3000%2F:0
[   27230ms] [ERROR] Failed to load resource: the server responded with a status of 404 (Not Found) @ http://localhost:3000/login?redirect_url=http%3A%2F%2Flocalhost%3A3000%2F:0
[   28455ms] [ERROR] Failed to load resource: the server responded with a status of 404 (Not Found) @ http://localhost:3000/login?redirect_url=http%3A%2F%2Flocalhost%3A3000%2F:0
[   29689ms] [ERROR] Failed to load resource: the server responded with a status of 404 (Not Found) @ http://localhost:3000/login?redirect_url=http%3A%2F%2Flocalhost%3A3000%2F:0
[   30910ms] [ERROR] Failed to load resource: the server responded with a status of 404 (Not Found) @ http://localhost:3000/login?redirect_url=http%3A%2F%2Flocalhost%3A3000%2F:0
[   32129ms] [ERROR] Failed to load resource: the server responded with a status of 404 (Not Found) @ http://localhost:3000/login?redirect_url=http%3A%2F%2Flocalhost%3A3000%2F:0
[   33360ms] [ERROR] Failed to load resource: the server responded with a status of 404 (Not Found) @ http://localhost:3000/login?redirect_url=http%3A%2F%2Flocalhost%3A3000%2F:0
[   34575ms] [ERROR] Failed to load resource: the server responded with a status of 404 (Not Found) @ http://localhost:3000/login?redirect_url=http%3A%2F%2Flocalhost%3A3000%2F:0
[   35798ms] [ERROR] Failed to load resource: the server responded with a status of 404 (Not Found) @ http://localhost:3000/login?redirect_url=http%3A%2F%2Flocalhost%3A3000%2F:0
[   37017ms] [ERROR] Failed to load resource: the server responded with a status of 404 (Not Found) @ http://localhost:3000/login?redirect_url=http%3A%2F%2Flocalhost%3A3000%2F:0
[   38232ms] [ERROR] Failed to load resource: the server responded with a status of 404 (Not Found) @ http://localhost:3000/login?redirect_url=http%3A%2F%2Flocalhost%3A3000%2F:0
[   39449ms] [ERROR] Failed to load resource: the server responded with a status of 404 (Not Found) @ http://localhost:3000/login?redirect_url=http%3A%2F%2Flocalhost%3A3000%2F:0
[   40664ms] [ERROR] Failed to load resource: the server responded with a status of 404 (Not Found) @ http://localhost:3000/login?redirect_url=http%3A%2F%2Flocalhost%3A3000%2F:0
[   41880ms] [ERROR] Failed to load resource: the server responded with a status of 404 (Not Found) @ http://localhost:3000/login?redirect_url=http%3A%2F%2Flocalhost%3A3000%2F:0
[   43098ms] [ERROR] Failed to load resource: the server responded with a status of 404 (Not Found) @ http://localhost:3000/login?redirect_url=http%3A%2F%2Flocalhost%3A3000%2F:0
[   44356ms] [ERROR] Failed to load resource: the server responded with a status of 404 (Not Found) @ http://localhost:3000/login?redirect_url=http%3A%2F%2Flocalhost%3A3000%2F:0
[   45602ms] [ERROR] Failed to load resource: the server responded with a status of 404 (Not Found) @ http://localhost:3000/login?redirect_url=http%3A%2F%2Flocalhost%3A3000%2F:0
[   46817ms] [ERROR] Failed to load resource: the server responded with a status of 404 (Not Found) @ http://localhost:3000/login?redirect_url=http%3A%2F%2Flocalhost%3A3000%2F:0
[   48032ms] [ERROR] Failed to load resource: the server responded with a status of 404 (Not Found) @ http://localhost:3000/login?redirect_url=http%3A%2F%2Flocalhost%3A3000%2F:0
[   49243ms] [ERROR] Failed to load resource: the server responded with a status of 404 (Not Found) @ http://localhost:3000/login?redirect_url=http%3A%2F%2Flocalhost%3A3000%2F:0
[   50458ms] [ERROR] Failed to load resource: the server responded with a status of 404 (Not Found) @ http://localhost:3000/login?redirect_url=http%3A%2F%2Flocalhost%3A3000%2F:0
[   50352ms] [ERROR] Failed to load resource: the server responded with a status of 404 (Not Found) @ http://localhost:3000/login?redirect_url=http%3A%2F%2Flocalhost%3A3000%2F:0
[   51565ms] [ERROR] Failed to load resource: the server responded with a status of 404 (Not Found) @ http://localhost:3000/login?redirect_url=http%3A%2F%2Flocalhost%3A3000%2F:0
[   52776ms] [ERROR] Failed to load resource: the server responded with a status of 404 (Not Found) @ http://localhost:3000/login?redirect_url=http%3A%2F%2Flocalhost%3A3000%2F:0
[   53987ms] [ERROR] Failed to load resource: the server responded with a status of 404 (Not Found) @ http://localhost:3000/login?redirect_url=http%3A%2F%2Flocalhost%3A3000%2F:0
[   55202ms] [ERROR] Failed to load resource: the server responded with a status of 404 (Not Found) @ http://localhost:3000/login?redirect_url=http%3A%2F%2Flocalhost%3A3000%2F:0
[   56420ms] [ERROR] Failed to load resource: the server responded with a status of 404 (Not Found) @ http://localhost:3000/login?redirect_url=http%3A%2F%2Flocalhost%3A3000%2F:0
[   57639ms] [ERROR] Failed to load resource: the server responded with a status of 404 (Not Found) @ http://localhost:3000/login?redirect_url=http%3A%2F%2Flocalhost%3A3000%2F:0
[   58861ms] [ERROR] Failed to load resource: the server responded with a status of 404 (Not Found) @ http://localhost:3000/login?redirect_url=http%3A%2F%2Flocalhost%3A3000%2F:0
[   60089ms] [ERROR] Failed to load resource: the server responded with a status of 404 (Not Found) @ http://localhost:3000/login?redirect_url=http%3A%2F%2Flocalhost%3A3000%2F:0
[   61309ms] [ERROR] Failed to load resource: the server responded with a status of 404 (Not Found) @ http://localhost:3000/login?redirect_url=http%3A%2F%2Flocalhost%3A3000%2F:0
[   62526ms] [ERROR] Failed to load resource: the server responded with a status of 404 (Not Found) @ http://localhost:3000/login?redirect_url=http%3A%2F%2Flocalhost%3A3000%2F:0
[   63740ms] [ERROR] Failed to load resource: the server responded with a status of 404 (Not Found) @ http://localhost:3000/login?redirect_url=http%3A%2F%2Flocalhost%3A3000%2F:0
[   64954ms] [ERROR] Failed to load resource: the server responded with a status of 404 (Not Found) @ http://localhost:3000/login?redirect_url=http%3A%2F%2Flocalhost%3A3000%2F:0
[   65957ms] [ERROR] Failed to load resource: net::ERR_CONNECTION_REFUSED @ http://localhost:3000/login?redirect_url=http%3A%2F%2Flocalhost%3A3000%2F:0
[   66961ms] [ERROR] Failed to load resource: net::ERR_CONNECTION_REFUSED @ http://localhost:3000/login?redirect_url=http%3A%2F%2Flocalhost%3A3000%2F:0
[   67962ms] [ERROR] Failed to load resource: net::ERR_CONNECTION_REFUSED @ http://localhost:3000/login?redirect_url=http%3A%2F%2Flocalhost%3A3000%2F:0
[   68965ms] [ERROR] Failed to load resource: net::ERR_CONNECTION_REFUSED @ http://localhost:3000/login?redirect_url=http%3A%2F%2Flocalhost%3A3000%2F:0
[   69967ms] [ERROR] Failed to load resource: net::ERR_CONNECTION_REFUSED @ http://localhost:3000/login?redirect_url=http%3A%2F%2Flocalhost%3A3000%2F:0
[   70969ms] [ERROR] Failed to load resource: net::ERR_CONNECTION_REFUSED @ http://localhost:3000/login?redirect_url=http%3A%2F%2Flocalhost%3A3000%2F:0
[   77191ms] [WARNING] Clerk: Clerk has been loaded with development keys. Development instances have strict usage limits and should not be used when deploying your application to production. Learn more: https://clerk.com/docs/deployments/overview @ https://full-squirrel-3.clerk.accounts.dev/npm/@clerk/clerk-js@5/dist/clerk.browser.js:18
