[    1533ms] [WARNING] Clerk: Clerk has been loaded with development keys. Development instances have strict usage limits and should not be used when deploying your application to production. Learn more: https://clerk.com/docs/deployments/overview @ https://full-squirrel-3.clerk.accounts.dev/npm/@clerk/clerk-js@5/dist/clerk.browser.js:18
[   21347ms] Error: Failed to read a RSC payload created by a development version of React on the server while using a production version on the client. Always use matching versions on the server and the client.
    at t (http://localhost:3000/_next/static/chunks/2117-e3703d8b07c68061.js:2:20486)
[   21909ms] [ERROR] Failed to load resource: the server responded with a status of 404 (Not Found) @ http://localhost:3000/_next/static/chunks/app/(dashboard)/error.js:0
[   21909ms] [ERROR] Failed to load resource: the server responded with a status of 404 (Not Found) @ http://localhost:3000/_next/static/chunks/app/(dashboard)/layout.js:0
[   21910ms] [ERROR] Failed to load resource: the server responded with a status of 404 (Not Found) @ http://localhost:3000/_next/static/chunks/app-pages-internals.js:0
[   21911ms] [ERROR] Failed to load resource: the server responded with a status of 404 (Not Found) @ http://localhost:3000/_next/static/chunks/app/(dashboard)/page.js:0
[   21911ms] [ERROR] Failed to load resource: the server responded with a status of 404 (Not Found) @ http://localhost:3000/_next/static/chunks/app/layout.js:0
[   21912ms] [ERROR] Failed to load resource: the server responded with a status of 404 (Not Found) @ http://localhost:3000/_next/static/chunks/app/error.js:0
[   21940ms] [ERROR] Failed to fetch RSC payload for http://localhost:3000/login. Falling back to browser navigation. Error: Failed to read a RSC payload created by a development version of React on the server while using a production version on the client. Always use matching versions on the server and the client.
    at t (http://localhost:3000/_next/static/chunks/2117-e3703d8b07c68061.js:2:20486) @ http://localhost:3000/_next/static/chunks/2117-e3703d8b07c68061.js:0
[   21959ms] [ERROR] Failed to load resource: the server responded with a status of 404 (Not Found) @ http://localhost:3000/_next/static/chunks/app/(auth)/login/%5B%5B...sign-in%5D%5D/page.js:0
[   21965ms] [ERROR] Failed to fetch RSC payload for http://localhost:3000/login. Falling back to browser navigation. Error: Failed to read a RSC payload created by a development version of React on the server while using a production version on the client. Always use matching versions on the server and the client.
    at t (http://localhost:3000/_next/static/chunks/2117-e3703d8b07c68061.js:2:20486) @ http://localhost:3000/_next/static/chunks/2117-e3703d8b07c68061.js:0
[   22025ms] [ERROR] Failed to load resource: the server responded with a status of 404 (Not Found) @ http://localhost:3000/_next/static/css/app/layout.css?v=1774448738032:0
[   22066ms] [ERROR] Failed to load resource: the server responded with a status of 404 (Not Found) @ http://localhost:3000/_next/static/chunks/main-app.js?v=1774448738032:0
[   22066ms] [ERROR] Failed to load resource: the server responded with a status of 404 (Not Found) @ http://localhost:3000/_next/static/chunks/app/error.js:0
[   22066ms] [ERROR] Failed to load resource: the server responded with a status of 404 (Not Found) @ http://localhost:3000/_next/static/chunks/app-pages-internals.js:0
[   22067ms] [ERROR] Failed to load resource: the server responded with a status of 404 (Not Found) @ http://localhost:3000/_next/static/chunks/app/layout.js:0
[   22067ms] [ERROR] Failed to load resource: the server responded with a status of 404 (Not Found) @ http://localhost:3000/_next/static/chunks/app/(auth)/login/%5B%5B...sign-in%5D%5D/page.js:0
